$sql = "SELECT * FROM users WHERE name = '" . mysqli_real_escape_string($db, $userName) . "'";