$splitted = preg_split("/,/", $data);
$exploded = preg_split("# #", $user); // Existing delimiters are not replaced with new ones