# Standard cases
foreach( $attrs as $key => $value) {
foreach ($_POST as $key => $val )
foreach($this->images as $file => $info)

# Missing key
foreach($lines as $line) {
foreach( $lines as $line ) {

foreach ($aro_group_ids as $aro_group_id) {